---
source: tests/readability_snapshots.rs
expression: "&article"
---
{
  "byline": "Dublin Core property author",
  "content": "<div id=\"readability-content\"><div id=\"readability-page-1\" class=\"page\"><article>\n      <h1>Test document title</h1>\n      <p>\n        Lorem ipsum dolor sit amet, consectetur adipisicing elit, sed do eiusmod tempor incididunt ut\n        labore et dolore magna aliqua. Ut enim ad minim veniam, quis nostrud exercitation ullamco\n        laboris nisi ut aliquip ex ea commodo consequat. Duis aute irure dolor in reprehenderit in\n        voluptate velit esse cillum dolore eu fugiat nulla pariatur. Excepteur sint occaecat\n        cupidatat non proident, sunt in culpa qui officia deserunt mollit anim id est laborum.\n      </p>\n      <p>\n        Lorem ipsum dolor sit amet, consectetur adipisicing elit, sed do eiusmod tempor incididunt ut\n        labore et dolore magna aliqua. Ut enim ad minim veniam, quis nostrud exercitation ullamco\n        laboris nisi ut aliquip ex ea commodo consequat. Duis aute irure dolor in reprehenderit in\n        voluptate velit esse cillum dolore eu fugiat nulla pariatur. Excepteur sint occaecat\n        cupidatat non proident, sunt in culpa qui officia deserunt mollit anim id est laborum.\n      </p>\n    </article></div></div>",
  "dir": null,
  "excerpt": "Dublin Core property description",
  "lang": null,
  "length": 913,
  "published_time": null,
  "site_name": null,
  "text_content": "Test document title Lorem ipsum dolor sit amet, consectetur adipisicing elit, sed do eiusmod tempor incididunt ut labore et dolore magna aliqua. Ut enim ad minim veniam, quis nostrud exercitation ullamco laboris nisi ut aliquip ex ea commodo consequat. Duis aute irure dolor in reprehenderit in voluptate velit esse cillum dolore eu fugiat nulla pariatur. Excepteur sint occaecat cupidatat non proident, sunt in culpa qui officia deserunt mollit anim id est laborum. Lorem ipsum dolor sit amet, consectetur adipisicing elit, sed do eiusmod tempor incididunt ut labore et dolore magna aliqua. Ut enim ad minim veniam, quis nostrud exercitation ullamco laboris nisi ut aliquip ex ea commodo consequat. Duis aute irure dolor in reprehenderit in voluptate velit esse cillum dolore eu fugiat nulla pariatur. Excepteur sint occaecat cupidatat non proident, sunt in culpa qui officia deserunt mollit anim id est laborum.",
  "title": "Dublin Core property title"
}
